[0.119s] DEBUG:colcon:Command line arguments: ['/usr/bin/colcon', 'build', '--symlink-install']
[0.119s] DEBUG:colcon:Parsed command line arguments: Namespace(log_base=None, log_level=None, verb_name='build', build_base='build', install_base='install', merge_install=False, symlink_install=True, test_result_base=None, continue_on_error=False, executor='parallel', parallel_workers=8, event_handlers=None, ignore_user_meta=False, metas=['./colcon.meta'], base_paths=['.'], packages_ignore=None, packages_ignore_regex=None, paths=None, packages_up_to=None, packages_up_to_regex=None, packages_above=None, packages_above_and_dependencies=None, packages_above_depth=None, packages_select_by_dep=None, packages_skip_by_dep=None, packages_skip_up_to=None, packages_select_build_failed=False, packages_skip_build_finished=False, packages_select_test_failures=False, packages_skip_test_passed=False, packages_select=None, packages_skip=None, packages_select_regex=None, packages_skip_regex=None, packages_start=None, packages_end=None, cmake_args=None, cmake_target=None, cmake_target_skip_unavailable=False, cmake_clean_cache=False, cmake_clean_first=False, cmake_force_configure=False, ament_cmake_args=None, catkin_cmake_args=None, catkin_skip_building_tests=False, mixin_files=None, mixin=None, verb_parser=<colcon_mixin.mixin.mixin_argument.MixinArgumentDecorator object at 0x7fcc20e6b340>, verb_extension=<colcon_core.verb.build.BuildVerb object at 0x7fcc20fa0310>, main=<bound method BuildVerb.main of <colcon_core.verb.build.BuildVerb object at 0x7fcc20fa0310>>, mixin_verb=('build',))
[0.260s] Level 1:colcon.colcon_core.package_discovery:discover_packages(colcon_meta) check parameters
[0.261s] INFO:colcon.colcon_metadata.package_discovery.colcon_meta:Using configuration from '/root/.colcon/metadata/default/Gazebo.meta'
[0.261s] INFO:colcon.colcon_metadata.package_discovery.colcon_meta:Using configuration from '/root/.colcon/metadata/default/fastdds.meta'
[0.262s] INFO:colcon.colcon_metadata.package_discovery.colcon_meta:Using configuration from '/root/.colcon/metadata/default/fastrtps.meta'
[0.262s] Level 1:colcon.colcon_core.package_discovery:discover_packages(recursive) check parameters
[0.262s] Level 1:colcon.colcon_core.package_discovery:discover_packages(ignore) check parameters
[0.262s] Level 1:colcon.colcon_core.package_discovery:discover_packages(path) check parameters
[0.262s] Level 1:colcon.colcon_core.package_discovery:discover_packages(colcon_meta) discover
[0.262s] Level 1:colcon.colcon_core.package_discovery:discover_packages(recursive) discover
[0.262s] INFO:colcon.colcon_core.package_discovery:Crawling recursively for packages in '/root/ros2_ws/src/ros_ge_bridge'
[0.262s] Level 1:colcon.colcon_core.package_identification:_identify(.) by extensions ['ignore', 'ignore_ament_install']
[0.262s] Level 1:colcon.colcon_core.package_identification:_identify(.) by extension 'ignore'
[0.262s] Level 1:colcon.colcon_core.package_identification:_identify(.) by extension 'ignore_ament_install'
[0.262s] Level 1:colcon.colcon_core.package_identification:_identify(.) by extensions ['colcon_pkg']
[0.262s] Level 1:colcon.colcon_core.package_identification:_identify(.) by extension 'colcon_pkg'
[0.262s] Level 1:colcon.colcon_core.package_identification:_identify(.) by extensions ['colcon_meta']
[0.262s] Level 1:colcon.colcon_core.package_identification:_identify(.) by extension 'colcon_meta'
[0.262s] Level 1:colcon.colcon_core.package_identification:_identify(.) by extensions ['ros']
[0.263s] Level 1:colcon.colcon_core.package_identification:_identify(.) by extension 'ros'
[0.281s] DEBUG:colcon.colcon_core.package_identification:Package '.' with type 'ros.ament_python' and name 'ros_ge_bridge'
[0.281s] Level 1:colcon.colcon_core.package_discovery:discover_packages(recursive) using defaults
[0.281s] Level 1:colcon.colcon_core.package_discovery:discover_packages(ignore) discover
[0.281s] Level 1:colcon.colcon_core.package_discovery:discover_packages(ignore) using defaults
[0.281s] Level 1:colcon.colcon_core.package_discovery:discover_packages(path) discover
[0.281s] Level 1:colcon.colcon_core.package_discovery:discover_packages(path) using defaults
[0.300s] Level 5:colcon.colcon_core.verb:set package 'ros_ge_bridge' build argument 'cmake_args' from command line to 'None'
[0.300s] Level 5:colcon.colcon_core.verb:set package 'ros_ge_bridge' build argument 'cmake_target' from command line to 'None'
[0.300s] Level 5:colcon.colcon_core.verb:set package 'ros_ge_bridge' build argument 'cmake_target_skip_unavailable' from command line to 'False'
[0.300s] Level 5:colcon.colcon_core.verb:set package 'ros_ge_bridge' build argument 'cmake_clean_cache' from command line to 'False'
[0.300s] Level 5:colcon.colcon_core.verb:set package 'ros_ge_bridge' build argument 'cmake_clean_first' from command line to 'False'
[0.300s] Level 5:colcon.colcon_core.verb:set package 'ros_ge_bridge' build argument 'cmake_force_configure' from command line to 'False'
[0.300s] Level 5:colcon.colcon_core.verb:set package 'ros_ge_bridge' build argument 'ament_cmake_args' from command line to 'None'
[0.300s] Level 5:colcon.colcon_core.verb:set package 'ros_ge_bridge' build argument 'catkin_cmake_args' from command line to 'None'
[0.300s] Level 5:colcon.colcon_core.verb:set package 'ros_ge_bridge' build argument 'catkin_skip_building_tests' from command line to 'False'
[0.300s] DEBUG:colcon.colcon_core.verb:Building package 'ros_ge_bridge' with the following arguments: {'ament_cmake_args': None, 'build_base': '/root/ros2_ws/src/ros_ge_bridge/build/ros_ge_bridge', 'catkin_cmake_args': None, 'catkin_skip_building_tests': False, 'cmake_args': None, 'cmake_clean_cache': False, 'cmake_clean_first': False, 'cmake_force_configure': False, 'cmake_target': None, 'cmake_target_skip_unavailable': False, 'install_base': '/root/ros2_ws/src/ros_ge_bridge/install/ros_ge_bridge', 'merge_install': False, 'path': '/root/ros2_ws/src/ros_ge_bridge', 'symlink_install': True, 'test_result_base': None}
[0.300s] INFO:colcon.colcon_core.executor:Executing jobs using 'parallel' executor
[0.301s] DEBUG:colcon.colcon_parallel_executor.executor.parallel:run_until_complete
[0.302s] INFO:colcon.colcon_ros.task.ament_python.build:Building ROS package in '/root/ros2_ws/src/ros_ge_bridge' with build type 'ament_python'
[0.302s] Level 1:colcon.colcon_core.shell:create_environment_hook('ros_ge_bridge', 'ament_prefix_path')
[0.304s] INFO:colcon.colcon_core.plugin_system:Skipping extension 'colcon_core.shell.bat': Not used on non-Windows systems
[0.304s] INFO:colcon.colcon_core.shell:Creating environment hook '/root/ros2_ws/src/ros_ge_bridge/install/ros_ge_bridge/share/ros_ge_bridge/hook/ament_prefix_path.ps1'
[0.305s] INFO:colcon.colcon_core.shell:Creating environment descriptor '/root/ros2_ws/src/ros_ge_bridge/install/ros_ge_bridge/share/ros_ge_bridge/hook/ament_prefix_path.dsv'
[0.306s] INFO:colcon.colcon_core.shell:Creating environment hook '/root/ros2_ws/src/ros_ge_bridge/install/ros_ge_bridge/share/ros_ge_bridge/hook/ament_prefix_path.sh'
[0.306s] INFO:colcon.colcon_core.shell:Skip shell extension 'powershell' for command environment: Not usable outside of PowerShell
[0.306s] DEBUG:colcon.colcon_core.shell:Skip shell extension 'dsv' for command environment
[0.549s] INFO:colcon.colcon_core.task.python.build:Building Python package in '/root/ros2_ws/src/ros_ge_bridge'
[0.549s] INFO:colcon.colcon_core.shell:Skip shell extension 'powershell' for command environment: Not usable outside of PowerShell
[0.549s] DEBUG:colcon.colcon_core.shell:Skip shell extension 'dsv' for command environment
[0.889s] DEBUG:colcon.colcon_core.event_handler.log_command:Invoking command in '/root/ros2_ws/src/ros_ge_bridge/build/ros_ge_bridge': PYTHONPATH=/root/ros2_ws/src/ros_ge_bridge/build/ros_ge_bridge/prefix_override:/usr/lib/python3/dist-packages/colcon_core/task/python/colcon_distutils_commands:/root/ros2_ws/src/ros_ge_bridge/install/ros_ge_bridge/lib/python3.10/site-packages:${PYTHONPATH} /usr/bin/python3 -W ignore:setup.py install is deprecated -W ignore:easy_install command is deprecated setup.py develop --editable --build-directory /root/ros2_ws/src/ros_ge_bridge/build/ros_ge_bridge/build --no-deps symlink_data
[1.285s] Level 1:colcon.colcon_core.shell:create_environment_hook('ros_ge_bridge', 'pythonpath_develop')
[1.286s] INFO:colcon.colcon_core.shell:Creating environment hook '/root/ros2_ws/src/ros_ge_bridge/build/ros_ge_bridge/share/ros_ge_bridge/hook/pythonpath_develop.ps1'
[1.287s] DEBUG:colcon.colcon_core.event_handler.log_command:Invoked command in '/root/ros2_ws/src/ros_ge_bridge/build/ros_ge_bridge' returned '0': PYTHONPATH=/root/ros2_ws/src/ros_ge_bridge/build/ros_ge_bridge/prefix_override:/usr/lib/python3/dist-packages/colcon_core/task/python/colcon_distutils_commands:/root/ros2_ws/src/ros_ge_bridge/install/ros_ge_bridge/lib/python3.10/site-packages:${PYTHONPATH} /usr/bin/python3 -W ignore:setup.py install is deprecated -W ignore:easy_install command is deprecated setup.py develop --editable --build-directory /root/ros2_ws/src/ros_ge_bridge/build/ros_ge_bridge/build --no-deps symlink_data
[1.287s] INFO:colcon.colcon_core.shell:Creating environment descriptor '/root/ros2_ws/src/ros_ge_bridge/build/ros_ge_bridge/share/ros_ge_bridge/hook/pythonpath_develop.dsv'
[1.288s] INFO:colcon.colcon_core.shell:Creating environment hook '/root/ros2_ws/src/ros_ge_bridge/build/ros_ge_bridge/share/ros_ge_bridge/hook/pythonpath_develop.sh'
[1.295s] Level 1:colcon.colcon_core.environment:checking '/root/ros2_ws/src/ros_ge_bridge/install/ros_ge_bridge' for CMake module files
[1.296s] Level 1:colcon.colcon_core.environment:checking '/root/ros2_ws/src/ros_ge_bridge/install/ros_ge_bridge' for CMake config files
[1.296s] Level 1:colcon.colcon_core.environment:checking '/root/ros2_ws/src/ros_ge_bridge/install/ros_ge_bridge/lib'
[1.297s] Level 1:colcon.colcon_core.environment:checking '/root/ros2_ws/src/ros_ge_bridge/install/ros_ge_bridge/bin'
[1.297s] Level 1:colcon.colcon_core.environment:checking '/root/ros2_ws/src/ros_ge_bridge/install/ros_ge_bridge/lib/pkgconfig/ros_ge_bridge.pc'
[1.297s] Level 1:colcon.colcon_core.environment:checking '/root/ros2_ws/src/ros_ge_bridge/install/ros_ge_bridge/lib/python3.10/site-packages'
[1.297s] Level 1:colcon.colcon_core.shell:create_environment_hook('ros_ge_bridge', 'pythonpath')
[1.297s] INFO:colcon.colcon_core.shell:Creating environment hook '/root/ros2_ws/src/ros_ge_bridge/install/ros_ge_bridge/share/ros_ge_bridge/hook/pythonpath.ps1'
[1.297s] INFO:colcon.colcon_core.shell:Creating environment descriptor '/root/ros2_ws/src/ros_ge_bridge/install/ros_ge_bridge/share/ros_ge_bridge/hook/pythonpath.dsv'
[1.298s] INFO:colcon.colcon_core.shell:Creating environment hook '/root/ros2_ws/src/ros_ge_bridge/install/ros_ge_bridge/share/ros_ge_bridge/hook/pythonpath.sh'
[1.298s] Level 1:colcon.colcon_core.environment:checking '/root/ros2_ws/src/ros_ge_bridge/install/ros_ge_bridge/bin'
[1.299s] Level 1:colcon.colcon_core.environment:create_environment_scripts_only(ros_ge_bridge)
[1.299s] INFO:colcon.colcon_core.shell:Creating package script '/root/ros2_ws/src/ros_ge_bridge/install/ros_ge_bridge/share/ros_ge_bridge/package.ps1'
[1.300s] INFO:colcon.colcon_core.shell:Creating package descriptor '/root/ros2_ws/src/ros_ge_bridge/install/ros_ge_bridge/share/ros_ge_bridge/package.dsv'
[1.300s] INFO:colcon.colcon_core.shell:Creating package script '/root/ros2_ws/src/ros_ge_bridge/install/ros_ge_bridge/share/ros_ge_bridge/package.sh'
[1.301s] INFO:colcon.colcon_core.shell:Creating package script '/root/ros2_ws/src/ros_ge_bridge/install/ros_ge_bridge/share/ros_ge_bridge/package.bash'
[1.302s] INFO:colcon.colcon_core.shell:Creating package script '/root/ros2_ws/src/ros_ge_bridge/install/ros_ge_bridge/share/ros_ge_bridge/package.zsh'
[1.303s] Level 1:colcon.colcon_core.environment:create_file_with_runtime_dependencies(/root/ros2_ws/src/ros_ge_bridge/install/ros_ge_bridge/share/colcon-core/packages/ros_ge_bridge)
[1.303s] DEBUG:colcon.colcon_parallel_executor.executor.parallel:closing loop
[1.303s] DEBUG:colcon.colcon_parallel_executor.executor.parallel:loop closed
[1.304s] DEBUG:colcon.colcon_parallel_executor.executor.parallel:run_until_complete finished with '0'
[1.304s] DEBUG:colcon.colcon_core.event_reactor:joining thread
[1.309s] INFO:colcon.colcon_core.plugin_system:Skipping extension 'colcon_notification.desktop_notification.notify_send': Could not find 'notify-send'
[1.309s] INFO:colcon.colcon_core.plugin_system:Skipping extension 'colcon_notification.desktop_notification.terminal_notifier': Not used on non-Darwin systems
[1.310s] INFO:colcon.colcon_core.plugin_system:Skipping extension 'colcon_notification.desktop_notification.win32': Not used on non-Windows systems
[1.310s] INFO:colcon.colcon_notification.desktop_notification:Sending desktop notification using 'notify2'
[1.310s] DEBUG:colcon.colcon_notification.desktop_notification.notify2:Failed to initialize notify2: org.freedesktop.DBus.Error.NotSupported: Unable to autolaunch a dbus-daemon without a $DISPLAY for X11
[1.310s] DEBUG:colcon.colcon_core.event_reactor:joined thread
[1.310s] INFO:colcon.colcon_core.shell:Creating prefix script '/root/ros2_ws/src/ros_ge_bridge/install/local_setup.ps1'
[1.311s] INFO:colcon.colcon_core.shell:Creating prefix util module '/root/ros2_ws/src/ros_ge_bridge/install/_local_setup_util_ps1.py'
[1.312s] INFO:colcon.colcon_core.shell:Creating prefix chain script '/root/ros2_ws/src/ros_ge_bridge/install/setup.ps1'
[1.313s] INFO:colcon.colcon_core.shell:Creating prefix script '/root/ros2_ws/src/ros_ge_bridge/install/local_setup.sh'
[1.314s] INFO:colcon.colcon_core.shell:Creating prefix util module '/root/ros2_ws/src/ros_ge_bridge/install/_local_setup_util_sh.py'
[1.314s] INFO:colcon.colcon_core.shell:Creating prefix chain script '/root/ros2_ws/src/ros_ge_bridge/install/setup.sh'
[1.316s] INFO:colcon.colcon_core.shell:Creating prefix script '/root/ros2_ws/src/ros_ge_bridge/install/local_setup.bash'
[1.317s] INFO:colcon.colcon_core.shell:Creating prefix chain script '/root/ros2_ws/src/ros_ge_bridge/install/setup.bash'
[1.318s] INFO:colcon.colcon_core.shell:Creating prefix script '/root/ros2_ws/src/ros_ge_bridge/install/local_setup.zsh'
[1.318s] INFO:colcon.colcon_core.shell:Creating prefix chain script '/root/ros2_ws/src/ros_ge_bridge/install/setup.zsh'
